[designflash.in/index.html]
[backblue.gif]
[fade.gif]
[index.html]
[designflash.in/xmlrpc.html]
[designflash.in/wp-json/oembed/1.0/embed1842.json]
[designflash.in/feed/index.html]
[designflash.in/wp-json/oembed/1.0/embed7b2a]
[designflash.in/comments/feed/index.html]
[designflash.in/wp-content/litespeed/css/7a25a2697ed50647daa872cadc58035840f8.css]
[designflash.in/wp-content/themes/Divi/includes/builder/styles/images/preloader.gif]
[designflash.in/wp-content/themes/Divi/core/admin/fonts/fontawesome/fa-regular-400.eot]
[designflash.in/wp-content/et-cache/719/et-divi-dynamic-tb-369223-tb-368283-719-late.css]
[designflash.in/wp-content/et-cache/719/et-divi-dynamic-tb-369223-tb-368283-719.css]
[designflash.in/wp-json/index.html]
[designflash.in/wp-content/themes/Divi/core/admin/fonts/modules/all/modules.eot]
[designflash.in/wp-json/wp/v2/pages/719.json]
[designflash.in/wp-content/uploads/2024/02/cropped-DF-32x32.jpg]
[designflash.in/wp-content/uploads/2024/02/cropped-DF-192x192.jpg]
[designflash.in/wp-content/uploads/2024/02/cropped-DF-180x180.jpg]
[designflash.in/wp-content/uploads/2025/04/Logo-black-500_250.webp]
[designflash.in/wp-content/plugins/litespeed-cache/guest.vary.html]
[designflash.in/website-designing-company-in-mumbai/index.html]
[designflash.in/booking/index.html]
[designflash.in/about/index.html]
[designflash.in/contact/index.html]
[designflash.in/website-designing-company-in-hyderabad/index.html]
[designflash.in/best-digital-marketing-services-company-in-bangalore-india/index.html]
[designflash.in/website-designing-and-development-company/index.html]
[designflash.in/wordpress-website-development-company-in-bangalore/index.html]
[designflash.in/woocommerce-website-development-company-in-bangalore/index.html]
[designflash.in/website-maintenance-service-in-bangalore/index.html]
[designflash.in/website-development-company-in-bangalore/index.html]
[designflash.in/shopify-website-design-company-in-bangalore/index.html]
[designflash.in/graphic-designing-company/index.html]
[designflash.in/_https_/api.whatsapp.com/message/XHAQM2L2VQDKH11911]
[designflash.in/wp-content/uploads/2025/04/Portfolio-Final.pdf]
[designflash.in/digital-marketing-and-advertising-agency/index.html]
[designflash.in/website-redesign-company-in-bangalore/index.html]
[designflash.in/best-ui-ux-design-company-in-bangalore-india/index.html]
[designflash.in/wp-content/uploads/2025/04/Skynet-200_150.png]
[designflash.in/social-media-marketing-agency/index.html]
[designflash.in/wp-content/uploads/2025/04/The-baklava-200_150.png]
[designflash.in/seo-services-in-bangalore/index.html]
[designflash.in/wp-content/uploads/2025/01/Afifa_Logo-removebg-preview-300x300-1.webp]
[designflash.in/ecommerce-seo-services-company-in-bangalore/index.html]
[designflash.in/wp-content/uploads/2025/04/Rs-traders-200_150.png]
[designflash.in/start-up-solutions-services-in-bangalore/index.html]
[designflash.in/wp-content/uploads/2025/04/Manifest-200_150.png]
[designflash.in/smo-services-company-in-bangalore/index.html]
[designflash.in/wp-content/uploads/2025/04/BouncenBuild-200_150.png]
[designflash.in/orm-services-company-in-bangalore/index.html]
[designflash.in/ecommerce-website-design-company-in-bangalore/index.html]
[designflash.in/wp-content/uploads/2025/04/Shafiq-Signature-200_150.png]
[designflash.in/django-web-development-company-in-bangalore/index.html]
[designflash.in/wp-content/uploads/2025/04/bdwc-200_150.png]
[designflash.in/mobile-app-development-company-in-bangalore/index.html]
[designflash.in/python-development-company-in-bangalore/index.html]
[designflash.in/wp-content/uploads/2025/04/Airmaster-logo-200_150.png]
[designflash.in/web-app-development-company-in-bangalore/index.html]
[designflash.in/ai-business-intelligence-engine/index.html]
[designflash.in/ai-chatbot-sales-agent-services/index.html]
[cdnjs.cloudflare.com/ajax/libs/font-awesome/6.5.0/css/all.min.css]
[cdn.buttonizer.io/embed.js]
[designflash.in/index.html]
[designflash.in/xmlrpc.html]
[designflash.in/wp-content/litespeed/css/7a25a2697ed50647daa872cadc58035840f8.css]
[designflash.in/wp-content/et-cache/719/et-divi-dynamic-tb-369223-tb-368283-719-late.css]
[designflash.in/wp-content/et-cache/719/et-divi-dynamic-tb-369223-tb-368283-719.css]
[asset-tidycal.b-cdn.net/js/embed.js]
[designflash.in/booking/index.html]
[designflash.in/website-designing-company-in-mumbai/index.html]
[designflash.in/wp-content/uploads/2024/10/Logo-black.png]
[designflash.in/wp-content/uploads/2024/10/Skynet-logo-scaled-1.jpg]
[designflash.in/wp-content/uploads/2024/10/The-Baklava-Company-1.84.delayed]
[designflash.in/wp-content/uploads/2024/10/manifest-logo.webp]
[designflash.in/wp-content/uploads/2024/10/Rst-bangalore-logo.png]
[designflash.in/wp-content/uploads/2024/10/Shafiq-signature-white-logo.png]
[designflash.in/wp-content/uploads/2024/10/zil-group-logo.webp]
[designflash.in/wp-content/uploads/2024/10/Bdwc-logo.png]
[designflash.in/wp-content/uploads/2024/10/Bouncenbuild-logo.webp]
[designflash.in/wp-content/uploads/2024/02/Design-Flare-K.webp]
[designflash.in/wp-content/uploads/2024/05/Design-Flash-Client-Sanchvi.8c.delayed]
[designflash.in/wp-content/uploads/2024/10/Design-Flash-Client-N-1-1.webp]
[designflash.in/wp-content/uploads/2024/05/Design-Flash-Client.webp]
[designflash.in/website-designing-company-in-hyderabad/transparent]
[designflash.in/wp-content/litespeed/js/9b846f019a6b5ec2e3f305830c2033a5680b.js]
[designflash.in/wp-content/litespeed/js/c9839c6e67b71edc75b0829bf5593e518b79.js]
[designflash.in/wp-content/litespeed/js/a509caf37234a62129fb2a2b0c8a002931cd.js]
[designflash.in/wp-content/litespeed/js/fb3ba079dbc6ac168470a49f991cca9c20a0.js]
[designflash.in/wp-content/litespeed/js/d3e8c314aa4d1c603565c0a30a546d540250.js]
[designflash.in/wp-content/litespeed/js/9cfbbbceff4bf8cc08c97b895d96208a1c48.js]
[designflash.in/wp-content/plugins/theme-my-login/assets/scripts/theme-my-login.min.js]
[designflash.in/wp-content/litespeed/js/6991270b9a4a89d430981986ab8e3c91725a.js]
[designflash.in/wp-content/litespeed/js/9d5fdebc047f4ba24208ae0c9bfe30c8c221.js]
[designflash.in/wp-content/litespeed/js/a1bbd58f44a0ab23dd3f6ba0009f40f4d6bd.js]
[designflash.in/wp-content/litespeed/js/31bacea65c8e4c8c7ee1dad7dcc718d35bea.js]
[designflash.in/wp-content/litespeed/js/7b8d1df6aaf4cc0c1346ff14d141283843e5.js]
[designflash.in/wp-content/litespeed/js/3b367c7cba2718c9ab8d228968e89d9c26ca.js]
[designflash.in/wp-content/litespeed/js/901b037bc70f60ff75028397e2f16d2b58aa.js]
[designflash.in/wp-content/litespeed/js/b74947dfa6e309a61a565394fe11bf4bc13a.js]
[designflash.in/wp-content/litespeed/js/8ec37b64dbbbf5e92c3122c19553034497ce.js]
[designflash.in/wp-content/litespeed/js/5d4d1a0ced5b5bd2092764df1729378e4620.js]
[designflash.in/wp-content/litespeed/js/c0d1bedb3f11199109dec100c6f7df8879d0.js]
[designflash.in/wp-content/litespeed/js/b8d0ae7e99965f23e6d5044e803862a8de85.js]
[designflash.in/wp-content/litespeed/js/4e9f6dccf25bf4531504219782a88cdb970f.js]
[designflash.in/wp-content/litespeed/js/97f23864145d61d68888d16209805e57c5e3.js]
[designflash.in/wp-content/litespeed/js/3889cfd48791f838d5f7ed94f7836c520187.js]
[designflash.in/website-designing-company-in-hyderabad/index.html]
[designflash.in/wp-json/oembed/1.0/embede865.json]
[designflash.in/wp-content/litespeed/js/16e0e86cf53a7fe52875bbe14ee9a216ca9c.js]
[designflash.in/wp-content/et-cache/44/et-divi-dynamic-tb-369223-tb-368283-44-late.css]
[designflash.in/wp-content/et-cache/44/et-divi-dynamic-tb-369223-tb-368283-44.css]
[designflash.in/wp-json/wp/v2/pages/44.json]
[designflash.in/about/transparent]
[designflash.in/about/index.html]
[designflash.in/wp-json/oembed/1.0/embed5e93.json]
[designflash.in/wp-json/oembed/1.0/embedbf5c]
[designflash.in/wp-content/et-cache/42/et-divi-dynamic-tb-369223-tb-368283-42-late.css]
[designflash.in/wp-json/oembed/1.0/embedfb90]
[designflash.in/wp-content/et-cache/42/et-divi-dynamic-tb-369223-tb-368283-42.css]
[designflash.in/wp-json/wp/v2/pages/42.json]
[designflash.in/contact/index.html]
[designflash.in/wp-json/oembed/1.0/embed189b.json]
[designflash.in/wp-json/oembed/1.0/embed6428]
[designflash.in/wp-content/et-cache/50/et-divi-dynamic-tb-369223-tb-368283-50-late.css]
[designflash.in/wp-content/et-cache/50/et-divi-dynamic-tb-369223-tb-368283-50.css]
[designflash.in/wp-json/wp/v2/pages/50.json]
[designflash.in/best-digital-marketing-services-company-in-bangalore-india/transparent]
[designflash.in/best-digital-marketing-services-company-in-bangalore-india/index.html]
[designflash.in/wp-content/uploads/2025/05/13416129_5243842.svg]
[designflash.in/wp-json/oembed/1.0/embedf9e0.json]
[designflash.in/wp-content/et-cache/171/et-divi-dynamic-tb-369223-tb-368283-171-late.css]
[designflash.in/wp-content/et-cache/171/et-divi-dynamic-tb-369223-tb-368283-171.css]
[designflash.in/wp-json/wp/v2/pages/171.json]
[designflash.in/wp-includes/js/mediaelement/mediaelementplayer-legacy.min.css]
[designflash.in/wp-includes/js/mediaelement/wp-mediaelement.min.css]
[designflash.in/website-designing-and-development-company/transparent]
[designflash.in/wp-content/uploads/2025/05/Website-Designing-Course-in-Bangalore.webp]
[designflash.in/wp-content/uploads/2025/06/Website-Design.webp]
[designflash.in/wp-content/uploads/2025/05/0b57e136-5671-4b41-95b7-5c3b08dd950b.webp]
[designflash.in/wp-content/uploads/2025/10/WhatsApp-Image-2025-10-22-at-17.08.09_c1654f7c-400x250.jpg]
[designflash.in/wp-content/uploads/2025/10/digital-marketing-with-icons-business-people_53876-94833-400x250.avif]
[designflash.in/wp-content/uploads/2025/10/young-vlogger-presenting-special-giveaway-his-followers-famous-influencer-creative-content-creator_482257-24907-400x250.avif]
[designflash.in/wp-content/uploads/2025/10/demographic-census-concept-representation_23-2149093906-400x250.avif]
[designflash.in/wp-content/uploads/2025/10/businessman-touching-tip-bar-chart_1232-898-400x250.avif]
[designflash.in/wp-content/uploads/2025/10/megaphone-impact-head-pictograph-with-bonus-quad-cop_1322553-31028-400x250.avif]
[designflash.in/beginners-guide-to-google-ads-2/index.html]
[designflash.in/wp-content/litespeed/js/b71d4e59aa9c8093b1e80dffe68de970c3f6.js]
[designflash.in/author/kadermsl/index.html]
[designflash.in/how-to-use-web-analytics-to-improve-your-marketing/index.html]
[designflash.in/wp-content/litespeed/js/758fd31ece9646eb901e6053c52092890eb4.js]
[designflash.in/video-marketing-ideas-for-small-businesses/index.html]
[designflash.in/web-development-company-in-bangalore/index.html]
[designflash.in/author/design-f/index.html]
[designflash.in/wp-content/litespeed/js/8166291643287d5943046f95d0c11dfddaf0.js]
[designflash.in/wp-content/litespeed/js/b141e71ff12a7cfb79f0be4b4c03bf510594.js]
[designflash.in/wp-content/litespeed/js/51c893fc40c142b9ce85bc42b0ed44a940b3.js]
[designflash.in/wp-content/litespeed/js/8d0737527372c1661c53250d7f18bc84133a.js]
[designflash.in/website-designing-and-development-company/index.html]
[designflash.in/digital-marketing-company-in-bangalore/index.html]
[designflash.in/understanding-customer-journey-mapping-in-marketing/index.html]
[designflash.in/how-to-measure-roi-in-digital-marketing/index.html]
[designflash.in/wp-json/oembed/1.0/embed3445.json]
[designflash.in/top-free-tools-every-digital-marketer-should-use-in-2025/index.html]
[designflash.in/website-designing-and-development-company/page/2/indexf83b.html]
[designflash.in/wp-json/oembed/1.0/embedd282]
[designflash.in/website-designing-and-development-company/page/3/indexf83b.html]
[designflash.in/wp-content/et-cache/372261/et-divi-dynamic-tb-369223-tb-368283-372261-late.css]
[designflash.in/wp-content/et-cache/372261/et-divi-dynamic-tb-369223-tb-368283-372261.css]
[designflash.in/website-designing-and-development-company/page/4/indexf83b.html]
[designflash.in/website-designing-and-development-company/page/5/indexf83b.html]
[designflash.in/wp-json/wp/v2/pages/372261.json]
[designflash.in/wp-content/uploads/2025/04/web-dev-03.png]
[designflash.in/wp-content/uploads/2025/04/web-dev-17.png]
[designflash.in/wp-content/uploads/2025/05/11906833_4822416-scaled.jpg]
[designflash.in/wp-content/uploads/2025/04/web-icon-design-2.png]
[designflash.in/wp-content/uploads/2025/04/web-icon-code-2-1.png]
[designflash.in/wp-content/uploads/2025/04/web-dev-26.jpg]
[designflash.in/wp-content/uploads/2025/04/web-icon-light-bulb.png]
[designflash.in/wp-content/uploads/2025/04/web-icon-design.png]
[designflash.in/wp-content/uploads/2025/04/web-icon-adjust.png]
[designflash.in/wp-content/uploads/2025/04/web-icon-code.png]
[designflash.in/wp-content/uploads/2025/04/web-dev-25.png]
[designflash.in/wp-content/uploads/2025/10/business-marketing-strategy_53876-101268-400x250.avif]
[designflash.in/wp-content/uploads/2025/10/high-angle-people-working-with-laptop_23-2149636255-400x250.avif]
[designflash.in/wp-content/uploads/2025/10/analytics-plan-strategy-insight-concept_53876-124214-400x250.avif]
[designflash.in/wp-content/litespeed/js/1f6ad586f6a0fe201e1fd3e70a29347c1ea1.js]
[designflash.in/wordpress-website-development-company-in-bangalore/index.html]
[designflash.in/wp-content/litespeed/js/8679752f29a3e544a09ad04f1554f9e3912f.js]
[designflash.in/social-media-marketing-strategies-that-work-in-2025/index.html]
[designflash.in/how-to-build-a-successful-brand-online/index.html]
[designflash.in/wp-json/oembed/1.0/embedc376.json]
[designflash.in/wordpress-website-development-company-in-bangalore/page/2/indexf83b.html]
[designflash.in/wordpress-website-development-company-in-bangalore/page/3/indexf83b.html]
[designflash.in/wp-json/oembed/1.0/embed4239]
[designflash.in/wp-content/et-cache/371787/et-divi-dynamic-tb-369223-tb-368283-371787-late.css]
[designflash.in/wp-content/et-cache/371787/et-divi-dynamic-tb-369223-tb-368283-371787.css]
[designflash.in/social-media-marketing-agency-in-bangalore/index.html]
[designflash.in/wp-json/wp/v2/pages/371787.json]
[designflash.in/wordpress-website-development-company-in-bangalore/page/4/indexf83b.html]
[designflash.in/the-importance-of-personalization-in-digital-campaigns/index.html]
[designflash.in/wp-content/uploads/2025/05/5358350_2741840-scaled.jpg]
[designflash.in/woocommerce-website-development-company-in-bangalore/index.html]
[designflash.in/wp-json/oembed/1.0/embeddea3.json]
[designflash.in/wp-json/oembed/1.0/embedd199]
[designflash.in/wp-content/et-cache/371865/et-divi-dynamic-tb-369223-tb-368283-371865-late.css]
[designflash.in/wp-content/et-cache/371865/et-divi-dynamic-tb-369223-tb-368283-371865.css]
[designflash.in/woocommerce-website-development-company-in-bangalore/page/3/indexf83b.html]
[designflash.in/website-maintenance-service-in-bangalore/index.html]
[designflash.in/woocommerce-website-development-company-in-bangalore/page/2/indexf83b.html]
[designflash.in/wp-json/wp/v2/pages/371865.json]
[designflash.in/woocommerce-website-development-company-in-bangalore/page/4/indexf83b.html]
[designflash.in/wp-json/oembed/1.0/embed1be6.json]
[designflash.in/wp-json/oembed/1.0/embed193c]
[designflash.in/wp-content/et-cache/371671/et-divi-dynamic-tb-369223-tb-368283-371671-late.css]
[designflash.in/website-maintenance-service-in-bangalore/page/2/indexf83b.html]
[designflash.in/wp-content/et-cache/371671/et-divi-dynamic-tb-369223-tb-368283-371671.css]
[designflash.in/wp-content/uploads/2025/05/5359105_5359105.jpg]
[designflash.in/wp-json/wp/v2/pages/371671.json]
[designflash.in/shopify-website-design-company-in-bangalore/index.html]
[designflash.in/website-maintenance-service-in-bangalore/page/4/indexf83b.html]
[designflash.in/website-maintenance-service-in-bangalore/page/3/indexf83b.html]
[designflash.in/shopify-website-design-company-in-bangalore/page/2/indexf83b.html]
[designflash.in/wp-json/oembed/1.0/embedee8b.json]
[designflash.in/shopify-website-design-company-in-bangalore/page/4/indexf83b.html]
[designflash.in/wp-json/oembed/1.0/embed7cc6]
[designflash.in/wp-content/et-cache/371818/et-divi-dynamic-tb-369223-tb-368283-371818-late.css]
[designflash.in/wp-content/et-cache/371818/et-divi-dynamic-tb-369223-tb-368283-371818.css]
[designflash.in/wp-json/wp/v2/pages/371818.json]
[designflash.in/wp-content/uploads/2025/05/9387115_34343-1.svg]
[designflash.in/website-development-company-in-bangalore/index.html]
[designflash.in/wp-content/uploads/2025/05/11669065_20943678.svg]
[designflash.in/shopify-website-design-company-in-bangalore/page/3/indexf83b.html]
[designflash.in/wp-json/oembed/1.0/embed7ae2.json]
[designflash.in/wp-json/oembed/1.0/embed58e8]
[designflash.in/wp-content/et-cache/179/et-divi-dynamic-tb-369223-tb-368283-179-late.css]
[designflash.in/wp-content/et-cache/179/et-divi-dynamic-tb-369223-tb-368283-179.css]
[designflash.in/website-development-company-in-bangalore/page/2/indexf83b.html]
[designflash.in/wp-json/wp/v2/pages/179.json]
[designflash.in/graphic-designing-company/transparent.10c.delayed]
[designflash.in/website-development-company-in-bangalore/page/4/indexf83b.html]
[designflash.in/website-development-company-in-bangalore/page/3/indexf83b.html]
[designflash.in/wp-content/uploads/2024/10/logo-designing.jpg]
[designflash.in/wp-content/uploads/2024/10/web-graphics-and-banners.jpg]
[designflash.in/wp-content/uploads/2024/10/Social-media-graphics.jpg]
[designflash.in/graphic-designing-company/index.html]
[designflash.in/wp-json/oembed/1.0/embed6ccc.json]
[designflash.in/wp-json/oembed/1.0/embedd842]
[designflash.in/wp-content/et-cache/187/et-divi-dynamic-tb-369223-tb-368283-187-late.css]
[designflash.in/wp-content/et-cache/187/et-divi-dynamic-tb-369223-tb-368283-187.css]
[designflash.in/wp-json/wp/v2/pages/187.json]
[designflash.in/best-ui-ux-design-company-in-bangalore-india/transparent]
[designflash.in/wp-content/uploads/2024/10/ui-ux-design1.jpg]
[designflash.in/wp-content/uploads/2024/10/uiux-design3.jpg]
[designflash.in/wp-content/uploads/2024/10/ui-ux-design2.jpg]
[designflash.in/wp-content/uploads/2025/05/Adobe-Express-file-1.png]
[designflash.in/logo-design-services-in-bangalore/index.html]
[designflash.in/best-ui-ux-design-company-in-bangalore-india/index.html]
[designflash.in/website-redesign-company-in-bangalore/index.html]
[designflash.in/digital-marketing-and-advertising-agency/index.html]
[designflash.in/seo-services-in-bangalore/index.html]
[designflash.in/social-media-marketing-agency/index.html]
[designflash.in/ecommerce-seo-services-company-in-bangalore/index.html]
[designflash.in/start-up-solutions-services-in-bangalore/index.html]
[designflash.in/smo-services-company-in-bangalore/index.html]
[designflash.in/orm-services-company-in-bangalore/index.html]
[designflash.in/django-web-development-company-in-bangalore/index.html]
[designflash.in/ecommerce-website-design-company-in-bangalore/index.html]
[designflash.in/mobile-app-development-company-in-bangalore/index.html]
[designflash.in/python-development-company-in-bangalore/index.html]
[designflash.in/web-app-development-company-in-bangalore/index.html]
[designflash.in/ai-chatbot-sales-agent-services/index.html]
[designflash.in/ai-business-intelligence-engine/index.html]
[designflash.in/ai-marketing-automation-system/index.html]
[designflash.in/ai-internal-operations-assistant/index.html]
[designflash.in/ai-customer-support-agent/index.html]
[designflash.in/ai-workflow-automation-services/index.html]
[designflash.in/portfolio/index.html]
[designflash.in/digital-marketing-course-in-bangalore/index.html]
[designflash.in/website-designing-course-in-bangalore/index.html]
[designflash.in/seo-course-in-bangalore/index.html]
[designflash.in/advertising-course-in-bangalore/index.html]
[designflash.in/graphic-designing-and-video-editing-course/index.html]
[designflash.in/blog/index.html]
[designflash.in/wp-content/plugins/litespeed-cache/guest.vary.html]
[designflash.in/_https_/wa.me/919632112657/index.html]
[designflash.in/_https_/designflash.in/wp-content/uploads/2025/04/Portfolio-Final.pdf/index.html]
[designflash.in/_https_/api.whatsapp.com/message/XHAQM2L2VQDKH11911.html]
[designflash.in/web-design-development-services/index.html]
[designflash.in/wp-content/uploads/2024/10/Web-design-development.html]
[designflash.in/search-engine-optimisation-seo-services/index.html]
[designflash.in/wp-content/uploads/2024/10/Search-engine-Optimisation.html]
[designflash.in/facebook-instagram-ads-services/index.html]
[designflash.in/wp-content/uploads/2024/10/Fb-insta-ads.html]
[designflash.in/google-youtube-ads-services/index.html]
[designflash.in/wp-content/uploads/2024/10/youtube-google-ads.html]
[designflash.in/video-reels-editing-services/index.html]
[designflash.in/wp-content/uploads/2024/10/Video-editing.html]
[designflash.in/package-designing-services/index.html]
[designflash.in/wp-content/uploads/2024/10/Package-Designing.html]
[designflash.in/e-commerce-web-store-development/index.html]
[designflash.in/wp-content/uploads/2024/10/Ecommerce.html]
[designflash.in/logo-design-creative-design/index.html]
[designflash.in/wp-content/uploads/2024/10/Logo-Design.html]
[designflash.in/business-cards-letterheads-design/index.html]
[designflash.in/wp-content/uploads/2024/10/Business-card.html]
[designflash.in/wp-content/uploads/2025/06/Designrush.html]
[designflash.in/wp-content/uploads/2025/06/trustpilotlogo.html]
[designflash.in/wp-content/uploads/2025/06/Google_2015_logo.svg.html]
[designflash.in/wp-content/uploads/2025/01/RST.html]
[designflash.in/wp-content/uploads/2024/07/Group-378.html]
[designflash.in/wp-content/uploads/2024/07/Group-379.html]
[designflash.in/wp-content/uploads/2024/10/Baklava-Mockup.html]
[designflash.in/wp-content/uploads/2025/01/BNB-MC.html]
[designflash.in/wp-content/uploads/2024/10/shifiq-Mockup.html]
[designflash.in/wp-content/uploads/2025/01/Group-441.html]
[designflash.in/wp-content/uploads/2025/01/Group-441-2.html]
[designflash.in/wp-content/uploads/2024/11/Airmaster-Mock-up.html]
[designflash.in/wp-content/uploads/2024/10/web-design-1.html]
[designflash.in/wp-content/uploads/2024/10/Branding.html]
[designflash.in/wp-content/uploads/2024/10/Online-ad.html]
[designflash.in/wp-content/uploads/2024/10/seo-1.html]
[designflash.in/wp-content/uploads/2024/10/social-media.html]
[designflash.in/wp-content/uploads/2024/10/ui_ux-designing.html]
[cdnjs.cloudflare.com/ajax/libs/font-awesome/6.5.0/css/all.min.css]
[designflash.in/wp-content/uploads/2024/10/Unknown-e1723532995286.html]
[designflash.in/the-impact-of-ai-on-digital-marketing/index.html]
[designflash.in/wp-content/uploads/2025/10/image1-400x250.html]
[designflash.in/digital-marketing-agency-in-bangalore/index.html]
[designflash.in/how-to-run-a-successful-social-media-campaign/index.html]
[designflash.in/wp-content/uploads/2025/10/68590421-400x250.html]
[designflash.in/digital-marketing-mistakes-to-avoid-in-2025/index.html]
[designflash.in/wp-content/uploads/2025/10/Decrease_3-1-400x250.html]
[designflash.in/marketing/index.html]
[designflash.in/uncategorized/index.html]
[designflash.in/wp-content/uploads/2024/10/Logo-white.html]
[designflash.in/digital-marketing-services-company-in-bangalore/index.html]
[designflash.in/digital-marketing-blog/index.html]
[designflash.in/wp-content/uploads/2024/10/Design-process-bg.html]
[designflash.in/wp-content/plugins/diviflash/public/css/fonts/lgd641.html]
[designflash.in/wp-content/plugins/diviflash/public/css/fonts/lgd41d.html]
[designflash.in/wp-content/plugins/diviflash/public/css/fonts/lgd641-2.html]
[designflash.in/wp-content/plugins/diviflash/public/css/fonts/lgd641-3.html]
[designflash.in/wp-content/plugins/diviflash/public/css/fonts/lgd641-4.html]
[designflash.in/wp-content/plugins/diviflash/public/css/img/vimeo-play.html]
[designflash.in/wp-content/plugins/diviflash/public/css/img/video-play.html]
[designflash.in/wp-content/plugins/diviflash/public/css/img/youtube-play.html]
[designflash.in/wp-content/plugins/diviflash/public/css/img/loading.html]
[designflash.in/wp-content/plugins/diviflash/public/img/sort_both.html]
[designflash.in/wp-content/plugins/diviflash/public/img/sort_asc.html]
[designflash.in/wp-content/plugins/diviflash/public/img/sort_desc.html]
[designflash.in/wp-content/plugins/diviflash/public/css/lib//img/sort_asc_disabled.html]
[designflash.in/wp-content/plugins/diviflash/public/img/sort_desc_disabled.html]
[designflash.in/wp-content/plugins/diviflash/public/css/img/flash.html]
[designflash.in/wp-content/themes/diviconsultingtheme/assets/css/grabbing.html]
[designflash.in/wp-content/themes/diviconsultingtheme/assets/css/AjaxLoader.html]
[designflash.in/wp-includes/js/mediaelement/mejs-controls.html]
[designflash.in/wp-json/oembed/1.0/embed46d4.html]
[designflash.in/wp-json/oembed/1.0/embeda6ae.html]
[designflash.in/wp-content/litespeed/css/0e4c3fc50bef0018635505c8f289adf440f8.html]
[designflash.in/wp-json/wp/v2/pages/370386.html]
[designflash.in/wp-content/uploads/2025/02/Thank-You-page.html]
[designflash.in/wp-json/oembed/1.0/embed7c61.html]
[designflash.in/wp-json/oembed/1.0/embeda7aa.html]
[designflash.in/wp-content/litespeed/css/0008d4cab7e6fd281cde09c86e11d56f40f8.html]
[designflash.in/wp-content/et-cache/369455/et-divi-dynamic-tb-369767-tb-369821-369455-late.html]
[designflash.in/wp-content/et-cache/369455/et-divi-dynamic-tb-369767-tb-369821-369455.html]
[designflash.in/wp-json/wp/v2/pages/369455.html]
[designflash.in/about-mumbai/index.html]
[designflash.in/contact-mumbai/index.html]
[designflash.in/service-mumbai/index.html]
[designflash.in/portfolio-mumbai/index.html]
[designflash.in/blog-mumbai/index.html]
[designflash.in/_https_/designflash.in/wp-content/uploads/2024/10/Design-Flash-Portfolio.pdf/_.html]
[designflash.in/_https_/silver-marten-312464.hostingersite.com/wp-content/uploads/2024/08/Design-Flash-Portfolio.pdf/_.html]
[designflash.in/wp-content/uploads/2024/10/Design-Flash-Portfolio.html]
[designflash.in/website-designing-company-in-mumbai/transparent.html]
[designflash.in/wp-json/oembed/1.0/embedb548.html]
[designflash.in/wp-json/oembed/1.0/embed250f.html]
[designflash.in/wp-content/plugins/contact-form-7/includes/css/styles.html]
[designflash.in/wp-content/plugins/df-header-framework/styles/style.html]
[designflash.in/wp-content/plugins/diviflash/public/css/lib/df_lib_styles.html]
[designflash.in/wp-content/plugins/diviflash/public/css/df-builder-styles.html]
[designflash.in/wp-content/plugins/diviflash/public/css/popup-custom.html]
[designflash.in/wp-content/plugins/theme-my-login/assets/styles/theme-my-login.min.html]
[designflash.in/wp-content/et-cache/369945/et-divi-dynamic-tb-370005-tb-370006-369945-late.html]
[designflash.in/wp-content/et-cache/369945/et-divi-dynamic-tb-370005-tb-370006-369945.html]
[designflash.in/wp-content/plugins/diviflash/styles/style.min.html]
[designflash.in/wp-content/plugins/supreme-modules-pro-for-divi/styles/style.min.html]
[designflash.in/wp-content/plugins/wp-pagenavi/pagenavi-css.html]
[designflash.in/wp-content/plugins/wow-carousel-for-divi-lite/assets/libs/slick/slick.min.html]
[designflash.in/wp-content/plugins/wow-carousel-for-divi-lite/assets/libs/magnific/magnific-popup.min.html]
[designflash.in/wp-content/plugins/wow-carousel-for-divi-lite/dist/divi4/frontend-styles.html]
[designflash.in/wp-content/themes/Divi/includes/builder/feature/dynamic-assets/assets/css/magnific_popup.html]
[designflash.in/wp-content/plugins/supreme-modules-pro-for-divi/public/css/swiper.html]
[designflash.in/wp-content/plugins/supreme-modules-pro-for-divi/public/css/popup.html]
[designflash.in/wp-content/plugins/supreme-modules-pro-for-divi/public/css/animate.html]
[designflash.in/wp-content/plugins/supreme-modules-pro-for-divi/public/css/readmore.html]
[designflash.in/wp-content/plugins/supreme-modules-pro-for-divi/public/css/dsm-easy-tb.html]
[designflash.in/wp-content/themes/diviconsultingtheme/assets/css/owl.carousel.min.html]
[designflash.in/wp-content/themes/diviconsultingtheme/assets/css/owl.theme.min.html]
[designflash.in/wp-content/themes/diviconsultingtheme/style.html]
[designflash.in/wp-content/litespeed/js/ba45a822ca265f8f6eabd5425a74a6b01b95.html]
[designflash.in/wp-content/litespeed/js/4c6d8a8a7406fdb01059afb49d31d385e22c.html]
[designflash.in/wp-json/wp/v2/pages/369945.html]
[designflash.in/wp-content/et-cache/global/et-divi-customizer-global.minec5f.html]
[designflash.in/wp-content/uploads/2024/10/Logo-black.html]
[designflash.in/about-hyderabad/index.html]
[designflash.in/contact-hyderabad/index.html]
[designflash.in/service-hyderabad/index.html]
[designflash.in/blog-hyderabad/index.html]
[designflash.in/wp-content/uploads/2024/10/Skynet-logo-scaled-1.html]
[designflash.in/wp-content/uploads/2024/10/The-Baklava-Company-1.html]
[designflash.in/wp-content/uploads/2024/10/manifest-logo.html]
[designflash.in/wp-content/uploads/2024/10/Rst-bangalore-logo.html]
[designflash.in/wp-content/uploads/2024/10/Shafiq-signature-white-logo.html]
[designflash.in/wp-content/uploads/2024/10/zil-group-logo.html]
[designflash.in/wp-content/uploads/2024/10/Bdwc-logo.html]
[designflash.in/wp-content/uploads/2024/10/Bouncenbuild-logo.html]
[designflash.in/wp-content/uploads/2024/05/Design-Flash-Client-Sanchvi.html]
[designflash.in/wp-content/uploads/2024/10/Design-Flash-Client-N-1-1.html]
[designflash.in/website-designing-company-in-hyderabad/transparent.html]
[designflash.in/wp-content/litespeed/js/9b846f019a6b5ec2e3f305830c2033a5680b.js]
[designflash.in/wp-content/litespeed/js/c9839c6e67b71edc75b0829bf5593e518b79.js]
[designflash.in/wp-content/litespeed/js/a509caf37234a62129fb2a2b0c8a002931cd.js]
[designflash.in/wp-content/litespeed/js/fb3ba079dbc6ac168470a49f991cca9c20a0.js]
[designflash.in/wp-content/litespeed/js/d3e8c314aa4d1c603565c0a30a546d540250.js]
[designflash.in/wp-content/litespeed/js/9cfbbbceff4bf8cc08c97b895d96208a1c48.js]
[designflash.in/wp-content/plugins/theme-my-login/assets/scripts/theme-my-login.min.js]
[designflash.in/wp-content/litespeed/js/6991270b9a4a89d430981986ab8e3c91725a.js]
[designflash.in/wp-content/litespeed/js/9d5fdebc047f4ba24208ae0c9bfe30c8c221.js]
[designflash.in/wp-content/litespeed/js/31bacea65c8e4c8c7ee1dad7dcc718d35bea.js]
[designflash.in/wp-content/litespeed/js/a1bbd58f44a0ab23dd3f6ba0009f40f4d6bd.js]
[designflash.in/wp-content/litespeed/js/7b8d1df6aaf4cc0c1346ff14d141283843e5.js]
[designflash.in/wp-content/litespeed/js/3b367c7cba2718c9ab8d228968e89d9c26ca.js]
[designflash.in/wp-content/litespeed/js/901b037bc70f60ff75028397e2f16d2b58aa.js]
[designflash.in/wp-content/litespeed/js/b74947dfa6e309a61a565394fe11bf4bc13a.js]
[designflash.in/wp-content/litespeed/js/8ec37b64dbbbf5e92c3122c19553034497ce.js]
[designflash.in/wp-content/litespeed/js/5d4d1a0ced5b5bd2092764df1729378e4620.js]
[designflash.in/wp-content/litespeed/js/c0d1bedb3f11199109dec100c6f7df8879d0.js]
[designflash.in/wp-content/litespeed/js/b8d0ae7e99965f23e6d5044e803862a8de85.js]
[designflash.in/wp-content/litespeed/js/4e9f6dccf25bf4531504219782a88cdb970f.js]
[designflash.in/wp-content/litespeed/js/97f23864145d61d68888d16209805e57c5e3.js]
[designflash.in/wp-content/litespeed/js/3889cfd48791f838d5f7ed94f7836c520187.js]
[designflash.in/wp-content/litespeed/js/16e0e86cf53a7fe52875bbe14ee9a216ca9c.js]
[designflash.in/wp-content/et-cache/44/et-divi-dynamic-tb-369223-tb-368283-44-late.css]
[designflash.in/wp-content/et-cache/44/et-divi-dynamic-tb-369223-tb-368283-44.css]
[designflash.in/about/transparent.html]
[designflash.in/wp-content/et-cache/42/et-divi-dynamic-tb-369223-tb-368283-42-late.css]
[designflash.in/wp-content/et-cache/42/et-divi-dynamic-tb-369223-tb-368283-42.css]
[designflash.in/wp-content/et-cache/50/et-divi-dynamic-tb-369223-tb-368283-50-late.css]
[designflash.in/wp-content/et-cache/50/et-divi-dynamic-tb-369223-tb-368283-50.css]
[designflash.in/best-digital-marketing-services-company-in-bangalore-india/transparent.html]
[designflash.in/wp-content/uploads/2025/05/13416129_5243842.svg]
[designflash.in/wp-content/et-cache/171/et-divi-dynamic-tb-369223-tb-368283-171-late.css]
[designflash.in/wp-content/et-cache/171/et-divi-dynamic-tb-369223-tb-368283-171.css]
[designflash.in/wp-includes/js/mediaelement/mediaelementplayer-legacy.min.css]
[designflash.in/wp-includes/js/mediaelement/wp-mediaelement.min.css]
[designflash.in/website-designing-and-development-company/transparent.html]
[designflash.in/author/kadermsl/index.html]
[designflash.in/beginners-guide-to-google-ads-2/index.html]
[designflash.in/how-to-use-web-analytics-to-improve-your-marketing/index.html]
[designflash.in/author/design-f/index.html]
[designflash.in/wp-content/et-cache/taxonomy/category/54/et-divi-dynamic-tb-369223-tb-368283-late.css]
[designflash.in/wp-content/et-cache/taxonomy/category/54/et-divi-dynamic-tb-369223-tb-368283.css]
[designflash.in/web-development-company-in-bangalore/feed/index.html]
[designflash.in/wp-json/wp/v2/categories/54.json]
[designflash.in/wp-content/uploads/2024/05/building-tomorrows-digital-landscape-1080x675.jpg]
[designflash.in/wp-content/uploads/2025/10/digital-marketing-with-icons-business-people_53876-94833-1080x675.avif]
[designflash.in/web-development-company-in-bangalore/index.html]
[designflash.in/wp-json/oembed/1.0/embede15a.json]
[designflash.in/author/design-f/page/8/indexf83b.html]
[designflash.in/video-marketing-ideas-for-small-businesses/feed/index.html]
[designflash.in/wp-json/oembed/1.0/embed3acc]
[designflash.in/web-development-company-in-bangalore-building-cutting-edge-solutions-for-tomorrow/index.html]
[designflash.in/wp-content/et-cache/373190/et-divi-dynamic-tb-369223-tb-367127-tb-368283-373190-late.css]
[designflash.in/wp-content/et-cache/373190/et-divi-dynamic-tb-369223-tb-367127-tb-368283-373190.css]
[designflash.in/wp-json/wp/v2/posts/373190.json]
[designflash.in/wp-content/uploads/2025/10/young-vlogger-presenting-special-giveaway-his-followers-famous-influencer-creative-content-creator_482257-24907.avif]
[designflash.in/wp-content/uploads/2025/10/cooking-vlogger_23-2148161776.jpg]
[designflash.in/wp-content/uploads/2025/10/smiling-male-female-sitting-desk-talking-looking-laptop_23-2148222627.avif]
[designflash.in/wp-content/uploads/2025/10/happy-influencer-announcing-giveaway-viewers-with-cardboard-sign_482257-121706.jpg]
[designflash.in/video-marketing-ideas-for-small-businesses/index.html]
[designflash.in/wp-content/et-cache/taxonomy/category/53/et-divi-dynamic-tb-369223-tb-368283-late.css]
[designflash.in/wp-content/et-cache/taxonomy/category/53/et-divi-dynamic-tb-369223-tb-368283.css]
[designflash.in/wp-json/wp/v2/categories/53.json]
[designflash.in/digital-marketing-company-in-bangalore/feed/index.html]
[designflash.in/digital-marketing-company-in-bangalore/index.html]
[designflash.in/wp-content/uploads/2025/10/business-marketing-strategy_53876-101268.avif]
[designflash.in/wp-json/oembed/1.0/embed6636.json]
[designflash.in/wp-json/oembed/1.0/embed5a88]
[designflash.in/understanding-customer-journey-mapping-in-marketing/feed/index.html]
[designflash.in/wp-content/et-cache/373174/et-divi-dynamic-tb-369223-tb-367127-tb-368283-373174-late.css]
[designflash.in/wp-content/et-cache/373174/et-divi-dynamic-tb-369223-tb-367127-tb-368283-373174.css]
[designflash.in/wp-json/wp/v2/posts/373174.json]
[designflash.in/understanding-customer-journey-mapping-in-marketing/index.html]
[designflash.in/wp-content/uploads/2025/10/customer-experience-review-analysis-by-modish-computer-software_31965-460260.avif]
[designflash.in/wp-json/oembed/1.0/embedb488.json]
[designflash.in/wp-content/uploads/2025/10/demographic-census-concept-representation_23-2149093906.avif]
[designflash.in/wp-content/uploads/2025/10/creative-monitor-tech-digitally-generated-desk_1134-719.avif]
[designflash.in/how-to-measure-roi-in-digital-marketing/feed/index.html]
[designflash.in/wp-json/oembed/1.0/embed74f2]
[designflash.in/wp-content/et-cache/373163/et-divi-dynamic-tb-369223-tb-367127-tb-368283-373163-late.css]
[designflash.in/wp-content/et-cache/373163/et-divi-dynamic-tb-369223-tb-367127-tb-368283-373163.css]
[designflash.in/wp-json/wp/v2/posts/373163.json]
[designflash.in/wp-content/uploads/2025/10/businessman-touching-tip-bar-chart_1232-898.avif]
[designflash.in/wp-content/uploads/2025/10/strategy-performance-target-report-analytics-concept_53876-163287.jpg]
[designflash.in/how-to-measure-roi-in-digital-marketing/index.html]
[designflash.in/wp-content/uploads/2025/10/corporate-business-line-graph-report_53876-124017.avif]
[designflash.in/wp-json/oembed/1.0/embedfd19.json]
[designflash.in/wp-json/oembed/1.0/embed0914]
[designflash.in/top-free-tools-every-digital-marketer-should-use-in-2025/feed/index.html]
[designflash.in/wp-content/et-cache/373151/et-divi-dynamic-tb-369223-tb-367127-tb-368283-373151-late.css]
[designflash.in/wp-content/et-cache/373151/et-divi-dynamic-tb-369223-tb-367127-tb-368283-373151.css]
[designflash.in/wp-json/wp/v2/posts/373151.json]
[designflash.in/wp-content/uploads/2025/10/megaphone-impact-head-pictograph-with-bonus-quad-cop_1322553-31028.avif]
[designflash.in/wp-content/uploads/2025/10/content-marketing-concept-illustration-idea-promotion-content-reputation_613284-1562.jpg]
[designflash.in/top-free-tools-every-digital-marketer-should-use-in-2025/index.html]
[designflash.in/wp-content/uploads/2025/10/digital-marketing-technology-concept-business-person-using-laptop-computer-with-vr-screen-digital-marketing-icon-internet-online-search-engine-optimisation-seo-video-advertising_]
[designflash.in/website-designing-and-development-company/page/2/transparent]
[designflash.in/wp-content/uploads/2025/10/digital-marketing-banner_157027-1367-400x250.jpg]
[designflash.in/wp-content/uploads/2025/10/people-analyzing-growth-charts-together_23-2148850303-400x250.avif]
[designflash.in/wp-content/uploads/2025/10/people-office-analyzing-checking-finance-graphs_23-2150377131-400x250.avif]
[designflash.in/wp-content/uploads/2025/10/business-growth-financial-success-400x250.jpg]
[designflash.in/wp-content/uploads/2025/10/close-up-shot-notebook-displaying-ai-machine-learning-algorithms-400x250.jpg]
[designflash.in/website-designing-and-development-company/page/2/indexf83b.html]
[designflash.in/the-power-of-storytelling-in-digital-marketing/index.html]
[designflash.in/email-marketing-tips-to-boost-your-open-rates/index.html]
[designflash.in/advertising-company-in-bangalore/index.html]
[designflash.in/content-marketing-vs-traditional-advertising-whats-more-effective/index.html]
[designflash.in/website-designing-and-development-company/page/3/indexf83b.html]
[designflash.in/website-designing-and-development-company/page/4/indexf83b.html]
[designflash.in/website-designing-and-development-company/page/5/indexf83b.html]
[designflash.in/wp-content/litespeed/js/b71d4e59aa9c8093b1e80dffe68de970c3f6.js]
[designflash.in/website-designing-and-development-company/GET.23a.delayed]
[designflash.in/wp-content/litespeed/js/758fd31ece9646eb901e6053c52092890eb4.js]
[designflash.in/wp-content/litespeed/js/8166291643287d5943046f95d0c11dfddaf0.js]
[designflash.in/wp-content/litespeed/js/b141e71ff12a7cfb79f0be4b4c03bf510594.js]
[designflash.in/wp-content/litespeed/js/51c893fc40c142b9ce85bc42b0ed44a940b3.js]
[designflash.in/wp-content/litespeed/js/8d0737527372c1661c53250d7f18bc84133a.js]
[designflash.in/wp-content/et-cache/372261/et-divi-dynamic-tb-369223-tb-368283-372261-late.css]
[designflash.in/wp-content/et-cache/372261/et-divi-dynamic-tb-369223-tb-368283-372261.css]
[designflash.in/wp-json/oembed/1.0/embed17db.json]
[designflash.in/wp-json/oembed/1.0/embed641e]
[designflash.in/how-to-build-a-successful-brand-online/feed/index.html]
[designflash.in/wp-content/et-cache/373129/et-divi-dynamic-tb-369223-tb-367127-tb-368283-373129-late.css]
[designflash.in/website-designing-and-development-company/giItT1WQy@!-/index.html]
[designflash.in/wp-content/et-cache/373129/et-divi-dynamic-tb-369223-tb-367127-tb-368283-373129.css]
[designflash.in/digital-marketing-agency-in-bangalore-conquering-the-digital-jungle/index.html]
[designflash.in/wp-json/wp/v2/posts/373129.json]
[designflash.in/how-to-build-a-successful-brand-online/index.html]
[designflash.in/the-importance-of-personalization-in-digital-campaigns/feed/index.html]
[designflash.in/wp-content/uploads/2025/10/brand-branding-advertising-commercial-marketing-concept_53876-124193.avif]
[designflash.in/wp-json/oembed/1.0/embed0ba8.json]
[designflash.in/wp-json/oembed/1.0/embedf5a4]
[designflash.in/wp-content/et-cache/373101/et-divi-dynamic-tb-369223-tb-367127-tb-368283-373101-late.css]
[designflash.in/wp-content/et-cache/373101/et-divi-dynamic-tb-369223-tb-367127-tb-368283-373101.css]
[designflash.in/wp-content/uploads/2025/10/digital-marketing-branding-loyalty-graphics_53876-127786.avif]
[designflash.in/wp-json/wp/v2/posts/373101.json]
[designflash.in/the-importance-of-personalization-in-digital-campaigns/index.html]
[designflash.in/wp-content/uploads/2025/10/corporate-management-strategy-solution-branding-concept_53876-167088.avif]
[designflash.in/wp-content/uploads/2025/10/high-angle-people-working-with-laptop_23-2149636255.avif]
[designflash.in/wp-json/oembed/1.0/embed9f58.json]
[designflash.in/wp-json/oembed/1.0/embed120c]
[designflash.in/wp-content/et-cache/373090/et-divi-dynamic-tb-369223-tb-367127-tb-368283-373090-late.css]
[designflash.in/wp-content/et-cache/373090/et-divi-dynamic-tb-369223-tb-367127-tb-368283-373090.css]
[designflash.in/social-media-marketing-strategies-that-work-in-2025/feed/index.html]
[designflash.in/wp-json/wp/v2/posts/373090.json]
[designflash.in/social-media-marketing-strategies-that-work-in-2025/index.html]
[designflash.in/wp-content/et-cache/taxonomy/category/60/et-divi-dynamic-tb-369223-tb-368283-late.css]
[designflash.in/wp-content/et-cache/taxonomy/category/60/et-divi-dynamic-tb-369223-tb-368283.css]
[designflash.in/wp-json/wp/v2/categories/60.json]
[designflash.in/wp-content/uploads/2025/10/analytics-plan-strategy-insight-concept_53876-124214-1080x675.avif]
[designflash.in/wp-content/uploads/2025/10/excited-woman-filming-fashion-vlog-with-phone_482257-121799-1080x675.jpg]
[designflash.in/wp-content/uploads/2024/05/navigating-the-digital-buzz-inside-bangalore-1080x675.jpg]
[designflash.in/social-media-marketing-agency-in-bangalore/index.html]
[designflash.in/wordpress-website-development-company-in-bangalore/page/2/indexf83b.html]
[designflash.in/wordpress-website-development-company-in-bangalore/indexf83b.html]
[designflash.in/wordpress-website-development-company-in-bangalore/page/3/indexf83b.html]
[designflash.in/wordpress-website-development-company-in-bangalore/page/4/indexf83b.html]
[designflash.in/wp-content/litespeed/js/1f6ad586f6a0fe201e1fd3e70a29347c1ea1.js]
[designflash.in/wp-content/litespeed/js/8679752f29a3e544a09ad04f1554f9e3912f.js]
[designflash.in/wp-content/et-cache/371787/et-divi-dynamic-tb-369223-tb-368283-371787-late.css]
[designflash.in/wp-content/et-cache/371787/et-divi-dynamic-tb-369223-tb-368283-371787.css]
[designflash.in/woocommerce-website-development-company-in-bangalore/page/2/indexf83b.html]
[designflash.in/woocommerce-website-development-company-in-bangalore/page/3/indexf83b.html]
[designflash.in/woocommerce-website-development-company-in-bangalore/page/4/indexf83b.html]
[designflash.in/wp-content/et-cache/371865/et-divi-dynamic-tb-369223-tb-368283-371865-late.css]
[designflash.in/wp-content/et-cache/371865/et-divi-dynamic-tb-369223-tb-368283-371865.css]
[designflash.in/website-maintenance-service-in-bangalore/page/2/indexf83b.html]
[designflash.in/woocommerce-website-development-company-in-bangalore/indexf83b.html]
[designflash.in/website-maintenance-service-in-bangalore/page/3/indexf83b.html]
[designflash.in/website-maintenance-service-in-bangalore/page/4/indexf83b.html]
[designflash.in/wp-content/et-cache/371671/et-divi-dynamic-tb-369223-tb-368283-371671-late.css]
[designflash.in/wp-content/et-cache/371671/et-divi-dynamic-tb-369223-tb-368283-371671.css]
[designflash.in/shopify-website-design-company-in-bangalore/page/2/indexf83b.html]
[designflash.in/shopify-website-design-company-in-bangalore/page/3/indexf83b.html]
[designflash.in/shopify-website-design-company-in-bangalore/page/4/indexf83b.html]
[designflash.in/wp-content/et-cache/371818/et-divi-dynamic-tb-369223-tb-368283-371818-late.css]
[designflash.in/wp-content/et-cache/371818/et-divi-dynamic-tb-369223-tb-368283-371818.css]
[designflash.in/wp-content/uploads/2025/05/9387115_34343-1.svg]
[designflash.in/wp-content/uploads/2025/05/11669065_20943678.svg]
[designflash.in/website-development-company-in-bangalore/page/2/indexf83b.html]
[designflash.in/website-development-company-in-bangalore/page/3/indexf83b.html]
[designflash.in/website-development-company-in-bangalore/page/4/indexf83b.html]
[designflash.in/wp-content/et-cache/179/et-divi-dynamic-tb-369223-tb-368283-179-late.css]
[designflash.in/wp-content/et-cache/179/et-divi-dynamic-tb-369223-tb-368283-179.css]
[designflash.in/graphic-designing-company/transparent.html]
[designflash.in/website-maintenance-service-in-bangalore/indexf83b.html]
[designflash.in/shopify-website-design-company-in-bangalore/indexf83b.html]
[designflash.in/wp-json/oembed/1.0/embed76ac.json]
[designflash.in/website-development-company-in-bangalore/indexf83b.html]
[designflash.in/wp-json/oembed/1.0/embedef64]
[designflash.in/wp-content/et-cache/373997/et-divi-dynamic-tb-369223-tb-368283-373997-late.css]
[designflash.in/wp-content/et-cache/373997/et-divi-dynamic-tb-369223-tb-368283-373997.css]
[designflash.in/wp-json/wp/v2/pages/373997.json]
[designflash.in/logo-design-services-in-bangalore/transparent]
[designflash.in/wp-content/uploads/2026/02/ChatGPT-Image-Feb-6-2026-11_15_16-AM.png]
[designflash.in/logo-design-services-in-bangalore/index.html]
[designflash.in/wp-content/et-cache/187/et-divi-dynamic-tb-369223-tb-368283-187-late.css]
[designflash.in/wp-content/et-cache/187/et-divi-dynamic-tb-369223-tb-368283-187.css]
[designflash.in/best-ui-ux-design-company-in-bangalore-india/transparent.html]
[designflash.in/wp-json/oembed/1.0/embed3c7e.html]
[designflash.in/wp-json/oembed/1.0/embedd038.html]
[designflash.in/wp-content/et-cache/371810/et-divi-dynamic-tb-369223-tb-368283-371810-late.html]
[designflash.in/wp-content/et-cache/371810/et-divi-dynamic-tb-369223-tb-368283-371810.html]
[designflash.in/wp-json/wp/v2/pages/371810.html]
[designflash.in/wp-content/uploads/2025/05/21074489_6387843-scaled.html]
[designflash.in/wp-content/uploads/2025/05/77.html]
[designflash.in/website-redesign-company-in-bangalore/page/2/indexf83b.html]
[designflash.in/website-redesign-company-in-bangalore/page/3/indexf83b.html]
[designflash.in/website-redesign-company-in-bangalore/page/4/indexf83b.html]
[designflash.in/wp-json/oembed/1.0/embed4039.html]
[designflash.in/wp-json/oembed/1.0/embed9aec.html]
[designflash.in/wp-content/et-cache/173/et-divi-dynamic-tb-369223-tb-368283-173-late.html]
[designflash.in/wp-content/et-cache/173/et-divi-dynamic-tb-369223-tb-368283-173.html]
[designflash.in/wp-json/wp/v2/pages/173.html]
[designflash.in/digital-marketing-and-advertising-agency/transparent.html]
[designflash.in/wp-content/uploads/2024/10/Fb-insta-Ads-1.html]
[designflash.in/wp-content/uploads/2024/10/Video-Advertising.html]
[designflash.in/wp-content/uploads/2024/10/pay-per-click-ads.html]
[designflash.in/wp-content/uploads/2024/10/Youtube-ads.html]
[designflash.in/wp-content/uploads/2024/10/Display-remarketing-ads.html]
[designflash.in/wp-content/uploads/2024/10/Linkdln-ads.html]
[designflash.in/wp-json/oembed/1.0/embed7067.html]
[designflash.in/wp-json/oembed/1.0/embed7206.html]
[designflash.in/wp-content/et-cache/175/et-divi-dynamic-tb-369223-tb-368283-175-late.html]
[designflash.in/wp-content/et-cache/175/et-divi-dynamic-tb-369223-tb-368283-175.html]
[designflash.in/wp-json/wp/v2/pages/175.html]
[designflash.in/seo-services-in-bangalore/transparent.html]
[designflash.in/wp-content/uploads/2025/05/SEO-Course-in-Bangalore.html]
[designflash.in/wp-content/uploads/2025/05/off-page-seo.html]
[designflash.in/retail-seo-explained-the-ultimate-beginners-guide/index.html]
[designflash.in/wp-content/uploads/2025/06/Retail-seo-400x250.html]
[designflash.in/author/suman-dey/index.html]
[designflash.in/marketing/seo/index.html]
[designflash.in/keyword-research-for-seo-in-2025-the-complete-step-by-step-guide/index.html]
[designflash.in/wp-content/uploads/2025/06/keyword-research-400x250.html]
[designflash.in/learn/index.html]
[designflash.in/how-do-search-engines-work-the-beginners-guide/index.html]
[designflash.in/wp-content/uploads/2025/06/How-search-work-400x250.html]
[designflash.in/your-beginners-roadmap-to-technical-seo/index.html]
[designflash.in/wp-content/uploads/2025/05/Technical-SEO-400x250.html]
[designflash.in/master-on-page-seo-2025-boost-rankings-traffic/index.html]
[designflash.in/wp-content/uploads/2025/05/49719157-ed9b-4c83-8ba7-c05734c26e2e-1-400x250.html]
[designflash.in/seo-budget-guide-spend-less-rank-higher/index.html]
[designflash.in/wp-content/uploads/2025/05/4ae1a172-94f4-474a-9cbc-3c2b5380a965-400x250.html]
[designflash.in/what-is-off-page-seo-the-complete-guide-to-trends-and-tactics/index.html]
[designflash.in/wp-content/uploads/2025/05/Off-page-seo-2-400x250.html]
[designflash.in/boost-your-local-google-ranking-fast-9-expert-tips/index.html]
[designflash.in/wp-content/uploads/2025/05/7c55f490-d46b-49a5-97b5-f810d50f0fd8-400x250.html]
[designflash.in/top-10-seo-trends-to-watch-in-2025-for-higher-google-rankings/index.html]
[designflash.in/wp-content/uploads/2025/05/b8f716c6-dc6c-4bce-9946-70a1fd65dd12-400x250.html]
[designflash.in/seo-services-in-bangalore/page/2/indexf83b.html]
[designflash.in/wp-json/oembed/1.0/embed0a63.html]
[designflash.in/wp-json/oembed/1.0/embed0204.html]
[designflash.in/wp-content/et-cache/177/et-divi-dynamic-tb-369223-tb-368283-177-late.html]
[designflash.in/wp-content/et-cache/177/et-divi-dynamic-tb-369223-tb-368283-177.html]
[designflash.in/wp-json/wp/v2/pages/177.html]
[designflash.in/social-media-marketing-agency/transparent.html]
[designflash.in/wp-content/uploads/2024/10/Socialmedia1.html]
[designflash.in/wp-content/uploads/2024/10/Socialmedia2.html]
[designflash.in/wp-content/uploads/2024/10/Socialmedia3.html]
[designflash.in/wp-content/uploads/2024/10/Socialmedia4.html]
[designflash.in/wp-json/oembed/1.0/embed69b3.html]
[designflash.in/wp-json/oembed/1.0/embed1f36.html]
[designflash.in/wp-content/et-cache/372676/et-divi-dynamic-tb-369223-tb-368283-372676-late.html]
[designflash.in/wp-content/et-cache/372676/et-divi-dynamic-tb-369223-tb-368283-372676.html]
[designflash.in/wp-json/wp/v2/pages/372676.html]
[designflash.in/ecommerce-seo-services-company-in-bangalore/transparent.html]
[designflash.in/wp-content/uploads/2025/06/Ecommerce-SEO-Services-Company-in-Bangalore.html]
[designflash.in/wp-content/uploads/2025/06/keyword-research.html]
[designflash.in/ecommerce-seo-services-company-in-bangalore/page/2/indexf83b.html]
[designflash.in/wp-json/oembed/1.0/embed29c4.html]
[designflash.in/wp-json/oembed/1.0/embed8122.html]
[designflash.in/wp-content/et-cache/372326/et-divi-dynamic-tb-369223-tb-368283-372326-late.html]
[designflash.in/wp-content/et-cache/372326/et-divi-dynamic-tb-369223-tb-368283-372326.html]
[designflash.in/wp-json/wp/v2/pages/372326.html]
[designflash.in/wp-content/uploads/2025/06/Startup-Growth.html]
[designflash.in/wp-content/uploads/2025/06/question-answer-design-flash.html]
[designflash.in/wp-content/uploads/2025/06/Startup-design-flash.html]
[designflash.in/wp-content/uploads/2025/06/clutch.html]
[designflash.in/wp-content/uploads/2025/05/entertainment.html]
[designflash.in/wp-content/uploads/2025/06/icons8-bank-building-50.html]
[designflash.in/wp-content/uploads/2025/06/icons8-consumer-50.html]
[designflash.in/wp-content/uploads/2025/06/icons8-real-estate-50.html]
[designflash.in/wp-content/uploads/2025/06/icons8-restaurant-80.html]
[designflash.in/wp-content/litespeed/js/12809220f0f9c1cc444186521bf3836af960.html]
[designflash.in/wp-content/litespeed/js/8baebc3bdca906a15837f0b000fa1426f15a.html]
[designflash.in/wp-content/litespeed/js/c2d9e35b56fe608cb0f7c25c45229866e93f.html]
[designflash.in/wp-json/oembed/1.0/embed948d.html]
[designflash.in/wp-json/oembed/1.0/embed4e68.html]
[designflash.in/wp-content/et-cache/372683/et-divi-dynamic-tb-369223-tb-368283-372683-late.html]
[designflash.in/wp-content/et-cache/372683/et-divi-dynamic-tb-369223-tb-368283-372683.html]
[designflash.in/wp-json/wp/v2/pages/372683.html]
[designflash.in/smo-services-company-in-bangalore/transparent.html]
[designflash.in/wp-content/uploads/2025/06/Local-Seo.html]
[designflash.in/wp-content/uploads/2025/06/SMO-Services-Company-in-Bangalore.html]
[designflash.in/how-to-use-influencer-marketing-to-grow-your-brand/index.html]
[designflash.in/wp-content/uploads/2025/10/excited-woman-filming-fashion-vlog-with-phone_482257-121799-400x250.html]
[designflash.in/smo-services-company-in-bangalore/page/2/indexf83b.html]
[designflash.in/smo-services-company-in-bangalore/page/3/indexf83b.html]
[designflash.in/wp-json/oembed/1.0/embed134b.html]
[designflash.in/wp-json/oembed/1.0/embed1a12.html]
[designflash.in/wp-content/et-cache/372688/et-divi-dynamic-tb-369223-tb-368283-372688-late.html]
[designflash.in/wp-content/et-cache/372688/et-divi-dynamic-tb-369223-tb-368283-372688.html]
[designflash.in/wp-json/wp/v2/pages/372688.html]
[designflash.in/orm-services-company-in-bangalore/transparent.html]
[designflash.in/wp-content/uploads/2025/06/ORM-Services-Company-in-Bangalore.html]
[designflash.in/orm-services-company-in-bangalore/page/2/indexf83b.html]
[designflash.in/wp-json/oembed/1.0/embed8923.html]
[designflash.in/wp-json/oembed/1.0/embedfa9f.html]
[designflash.in/wp-content/et-cache/371833/et-divi-dynamic-tb-369223-tb-368283-371833-late.html]
[designflash.in/wp-content/et-cache/371833/et-divi-dynamic-tb-369223-tb-368283-371833.html]
[designflash.in/wp-json/wp/v2/pages/371833.html]
[designflash.in/wp-content/uploads/2025/05/5798966_2989869.html]
[designflash.in/wp-content/uploads/2025/05/django.html]
[designflash.in/wp-content/uploads/2025/05/layers.html]
[designflash.in/django-web-development-company-in-bangalore/page/2/indexf83b.html]
[designflash.in/django-web-development-company-in-bangalore/page/3/indexf83b.html]
[designflash.in/django-web-development-company-in-bangalore/page/4/indexf83b.html]
[designflash.in/wp-json/oembed/1.0/embed7b1f.html]
[designflash.in/wp-json/oembed/1.0/embed96ac.html]
[designflash.in/wp-content/et-cache/371007/et-divi-dynamic-tb-369223-tb-368283-371007-late.html]
[designflash.in/wp-content/et-cache/371007/et-divi-dynamic-tb-369223-tb-368283-371007.html]
[designflash.in/wp-json/wp/v2/pages/371007.html]
[designflash.in/wp-content/uploads/2025/04/ecommerce-web-design-bangalore.html]
[designflash.in/ecommerce-website-design-company-in-bangalore/page/2/indexf83b.html]
[designflash.in/ecommerce-website-design-company-in-bangalore/page/3/indexf83b.html]
[designflash.in/ecommerce-website-design-company-in-bangalore/page/4/indexf83b.html]
[designflash.in/wp-json/oembed/1.0/embedf3e5.html]
[designflash.in/wp-json/oembed/1.0/embedd1da.html]
[designflash.in/wp-content/et-cache/371873/et-divi-dynamic-tb-369223-tb-368283-371873-late.html]
[designflash.in/wp-content/et-cache/371873/et-divi-dynamic-tb-369223-tb-368283-371873.html]
[designflash.in/wp-json/wp/v2/pages/371873.html]
[designflash.in/wp-content/uploads/2025/05/11638003_4667615.html]
[designflash.in/wp-content/uploads/2025/05/24014019_6897997.html]
[designflash.in/wp-content/uploads/2025/05/1298724_android_icon.html]
[designflash.in/wp-content/uploads/2025/05/1217123_apple_icon.html]
[designflash.in/wp-content/uploads/2025/06/icons8-flutter-48.html]
[designflash.in/wp-content/uploads/2025/05/11119260_4612597.html]
[designflash.in/wp-content/uploads/2025/05/11140885_4582563.html]
[designflash.in/wp-content/uploads/2025/05/Untitled.html]
[designflash.in/wp-content/uploads/2025/05/31745454_7856001-scaled.html]
[designflash.in/wp-content/uploads/2025/05/10354234_4420083.html]
[designflash.in/mobile-app-development-company-in-bangalore/page/2/indexf83b.html]
[designflash.in/mobile-app-development-company-in-bangalore/page/3/indexf83b.html]
[designflash.in/mobile-app-development-company-in-bangalore/page/4/indexf83b.html]
[designflash.in/wp-json/oembed/1.0/embedf977.html]
[designflash.in/wp-json/oembed/1.0/embed338d.html]
[designflash.in/wp-content/et-cache/371851/et-divi-dynamic-tb-369223-tb-368283-371851-late.html]
[designflash.in/wp-content/et-cache/371851/et-divi-dynamic-tb-369223-tb-368283-371851.html]
[designflash.in/wp-json/wp/v2/pages/371851.html]
[designflash.in/wp-content/uploads/2025/05/82635880_9910414.html]
[designflash.in/wp-content/uploads/2025/05/7441053_3657403.html]
[designflash.in/python-development-company-in-bangalore/page/2/indexf83b.html]
[designflash.in/python-development-company-in-bangalore/page/3/indexf83b.html]
[designflash.in/python-development-company-in-bangalore/page/4/indexf83b.html]
[designflash.in/wp-json/oembed/1.0/embed6cf7.html]
[designflash.in/wp-json/oembed/1.0/embedf48b.html]
[designflash.in/wp-content/et-cache/371841/et-divi-dynamic-tb-369223-tb-368283-371841-late.html]
[designflash.in/wp-content/et-cache/371841/et-divi-dynamic-tb-369223-tb-368283-371841.html]
[designflash.in/wp-json/wp/v2/pages/371841.html]
[designflash.in/wp-content/uploads/2025/05/20602936_6333040.html]
[designflash.in/web-app-development-company-in-bangalore/page/2/indexf83b.html]
[designflash.in/web-app-development-company-in-bangalore/page/3/indexf83b.html]
[designflash.in/web-app-development-company-in-bangalore/page/4/indexf83b.html]
[designflash.in/wp-json/oembed/1.0/embed9cd1.html]
[designflash.in/wp-json/oembed/1.0/embed7e30.html]
[designflash.in/wp-content/et-cache/374136/et-divi-dynamic-tb-369223-tb-368283-374136-late.html]
[designflash.in/wp-content/et-cache/374136/et-divi-dynamic-tb-369223-tb-368283-374136.html]
[designflash.in/wp-json/wp/v2/pages/374136.html]
[designflash.in/wp-content/uploads/2026/02/ChatGPT-Image-Feb-18-2026-05_07_48-PM-2.html]
[designflash.in/wp-content/uploads/2026/02/wmremove-transformed.html]
[designflash.in/wp-content/uploads/2026/02/icons8-real-estate-50.html]
[designflash.in/wp-content/uploads/2026/02/icons8-graduation-scroll-50.html]
[designflash.in/wp-content/uploads/2026/02/icons8-clinic-50.html]
[designflash.in/wp-content/uploads/2026/02/icons8-e-commerce-50.html]
[designflash.in/wp-content/uploads/2026/02/icons8-event-management-50.html]
[designflash.in/wp-content/uploads/2026/02/icons8-self-service-kiosk-50.html]
[designflash.in/wp-json/oembed/1.0/embed5f44.html]
[designflash.in/wp-json/oembed/1.0/embed6014.html]
[designflash.in/wp-content/et-cache/374329/et-divi-dynamic-tb-369223-tb-368283-374329-late.html]
[designflash.in/wp-content/et-cache/374329/et-divi-dynamic-tb-369223-tb-368283-374329.html]
[designflash.in/wp-json/wp/v2/pages/374329.html]
[designflash.in/wp-content/uploads/2026/02/ChatGPT-Image-Feb-18-2026-05_07_48-PM-1.html]
[designflash.in/website-designing-company-in-hyderabad/t.html]
[designflash.in/wp-json/oembed/1.0/embede5e2]
[designflash.in/author/kadermsl/feed/index.html]
[designflash.in/wp-content/et-cache/author/16/et-divi-dynamic-tb-369223-tb-371554-tb-368283-late.html]
[designflash.in/wp-content/et-cache/author/16/et-divi-dynamic-tb-369223-tb-371554-tb-368283.html]
[designflash.in/wp-json/wp/v2/users/16.html]
[designflash.in/author/kadermsl/page/2/indexf83b.html]
[designflash.in/author/kadermsl/page/3/indexf83b.html]
[designflash.in/author/kadermsl/page/4/indexf83b.html]
[designflash.in/author/kadermsl/page/5/indexf83b.html]
[designflash.in/author/kadermsl/page/8/indexf83b.html]
[designflash.in/wp-content/uploads/2025/04/pages-divider.html]
[designflash.in/beginners-guide-to-google-ads-2/feed/index.html]
[designflash.in/wp-json/oembed/1.0/embede708.html]
[designflash.in/wp-json/oembed/1.0/embed43cc.html]
[designflash.in/wp-content/et-cache/373217/et-divi-dynamic-tb-369223-tb-367127-tb-368283-373217-late.html]
[designflash.in/wp-content/et-cache/373217/et-divi-dynamic-tb-369223-tb-367127-tb-368283-373217.html]
[designflash.in/wp-json/wp/v2/posts/373217.html]
[designflash.in/wp-content/plugins/starbox/themes/fancy/css/frontend.min.html]
[designflash.in/wp-content/litespeed/js/26337411338ceddb828d4a5143bc8c1d584b.html]
[designflash.in/wp-content/plugins/starbox/themes/admin/css/hidedefault.min.html]
[designflash.in/wp-content/uploads/2025/10/WhatsApp-Image-2025-10-22-at-17.08.09_c1654f7c.html]
[designflash.in/wp-content/litespeed/avatar/3a0887e0061887687966de924f6c0925e9c9.html]
[designflash.in/wp-content/uploads/2025/10/Screenshot-2025-10-22-12.33.20-PM.html]
[designflash.in/wp-content/uploads/2025/10/Screenshot-2025-10-22-124247.html]
[designflash.in/wp-content/uploads/2025/10/WhatsApp-Image-2025-10-22-at-13.04.22_fecfd927.html]
[designflash.in/wp-content/uploads/2025/10/WhatsApp-Image-2025-10-22-at-13.15.23_9a432157.html]
[designflash.in/wp-content/uploads/2025/10/WhatsApp-Image-2025-10-22-at-13.41.04_2ae0cdcd.html]
[designflash.in/wp-content/uploads/2025/10/Screenshot-2025-10-22-150148.html]
[designflash.in/wp-content/uploads/2025/10/WhatsApp-Image-2025-10-22-at-15.20.05_ecdc7590.html]
[designflash.in/wp-content/uploads/2025/10/WhatsApp-Image-2025-10-22-at-15.58.45_968df853.html]
[designflash.in/wp-content/uploads/2025/10/Screenshot-2025-10-22-160647.html]
[designflash.in/wp-content/uploads/2025/10/Screenshot-2025-10-22-161045.html]
[designflash.in/wp-content/uploads/2025/10/Screenshot-2025-10-22-161527.html]
[designflash.in/wp-content/uploads/2025/10/Screenshot-2025-10-22-162257.html]
[designflash.in/wp-content/uploads/2025/10/WhatsApp-Image-2025-10-22-at-17.04.23_8fde20d8.html]
[designflash.in/wp-content/uploads/2025/10/WhatsApp-Image-2025-10-22-at-17.07.20_bceca726.html]
[designflash.in/wp-content/uploads/2025/10/Screenshot-2025-10-22-171536.html]
[designflash.in/wp-content/litespeed/js/4212bad667f1b4f08fec7b8550f81ebde853.html]
[designflash.in/how-to-use-web-analytics-to-improve-your-marketing/feed/index.html]
[designflash.in/wp-json/oembed/1.0/embedc19c.html]
[designflash.in/wp-json/oembed/1.0/embed50e8.html]
[designflash.in/wp-content/et-cache/373205/et-divi-dynamic-tb-369223-tb-367127-tb-368283-373205-late.html]
[designflash.in/wp-content/et-cache/373205/et-divi-dynamic-tb-369223-tb-367127-tb-368283-373205.html]
[designflash.in/wp-json/wp/v2/posts/373205.html]
[designflash.in/wp-content/uploads/2025/10/digital-marketing-with-icons-business-people_53876-94833.html]
[designflash.in/wp-content/litespeed/avatar/689835c4ca0ffc7f991019fdd140fec74aac.html]
[designflash.in/wp-content/uploads/2025/10/modern-equipped-computer-lab_23-2149241197.html]
[designflash.in/wp-content/uploads/2025/10/infographic-dashboard-user-panel_52683-30026.html]
[designflash.in/author/design-f/page/2/index.html]
[designflash.in/author/design-f/feed/index.html]
[designflash.in/wp-content/et-cache/author/9/et-divi-dynamic-tb-369223-tb-371554-tb-368283-late.html]
[designflash.in/wp-content/et-cache/author/9/et-divi-dynamic-tb-369223-tb-371554-tb-368283.html]
[designflash.in/wp-json/wp/v2/users/9.html]
[designflash.in/author/design-f/page/2/indexf83b.html]
[designflash.in/author/design-f/page/3/indexf83b.html]
[designflash.in/author/design-f/page/4/indexf83b.html]
[designflash.in/author/design-f/page/5/indexf83b.html]
[designflash.in/author/design-f/page/8/indexf83b.html]
[designflash.in/wp-content/et-cache/taxonomy/category/54/et-divi-dynamic-tb-369223-tb-368283-late.css]
[designflash.in/wp-content/et-cache/taxonomy/category/54/et-divi-dynamic-tb-369223-tb-368283.css]
[designflash.in/author/design-f/indexf83b.html]
[designflash.in/wp-json/oembed/1.0/embed9e35.json]
[designflash.in/wp-json/oembed/1.0/embed2bf1]
[designflash.in/author/design-f/page/7/indexf83b.html]
[designflash.in/web-development-company-in-bangalore-building-cutting-edge-solutions-for-tomorrow/feed/index.html]
[designflash.in/wp-content/et-cache/366849/et-divi-dynamic-tb-369223-tb-367127-tb-368283-366849-late.css]
[designflash.in/wp-content/et-cache/366849/et-divi-dynamic-tb-369223-tb-367127-tb-368283-366849.css]
[designflash.in/wp-json/wp/v2/posts/366849.json]
[designflash.in/wp-content/uploads/2024/05/building-tomorrows-digital-landscape.jpg]
[designflash.in/web-development-company-in-bangalore-building-cutting-edge-solutions-for-tomorrow/index.html]
[designflash.in/wp-content/et-cache/373190/et-divi-dynamic-tb-369223-tb-367127-tb-368283-373190-late.css]
[designflash.in/wp-content/et-cache/373190/et-divi-dynamic-tb-369223-tb-367127-tb-368283-373190.css]
[designflash.in/wp-content/et-cache/taxonomy/category/53/et-divi-dynamic-tb-369223-tb-368283-late.css]
[designflash.in/wp-content/et-cache/taxonomy/category/53/et-divi-dynamic-tb-369223-tb-368283.css]
[designflash.in/wp-content/et-cache/373174/et-divi-dynamic-tb-369223-tb-367127-tb-368283-373174-late.css]
[designflash.in/wp-content/et-cache/373174/et-divi-dynamic-tb-369223-tb-367127-tb-368283-373174.css]
[designflash.in/wp-content/et-cache/373163/et-divi-dynamic-tb-369223-tb-367127-tb-368283-373163-late.css]
[designflash.in/wp-content/et-cache/373163/et-divi-dynamic-tb-369223-tb-367127-tb-368283-373163.css]
[designflash.in/wp-content/et-cache/373151/et-divi-dynamic-tb-369223-tb-367127-tb-368283-373151-late.css]
[designflash.in/wp-content/et-cache/373151/et-divi-dynamic-tb-369223-tb-367127-tb-368283-373151.css]
[designflash.in/website-designing-and-development-company/page/2/transparent.html]
[designflash.in/wp-json/oembed/1.0/embed1847.json]
[designflash.in/wp-json/oembed/1.0/embed2221]
[designflash.in/email-marketing-tips-to-boost-your-open-rates/feed/index.html]
[designflash.in/wp-content/et-cache/373052/et-divi-dynamic-tb-369223-tb-367127-tb-368283-373052-late.css]
[designflash.in/wp-content/et-cache/373052/et-divi-dynamic-tb-369223-tb-367127-tb-368283-373052.css]
[designflash.in/wp-json/wp/v2/posts/373052.json]
[designflash.in/wp-content/uploads/2025/10/digital-marketing-banner_157027-1367.jpg]
[designflash.in/email-marketing-tips-to-boost-your-open-rates/index.html]
[designflash.in/wp-content/uploads/2025/10/telecommuting-concept-illustration_52683-36286.avif]
[designflash.in/wp-json/oembed/1.0/embed3804.json]
[designflash.in/wp-json/oembed/1.0/embedc5da]
[designflash.in/the-power-of-storytelling-in-digital-marketing/feed/index.html]
[designflash.in/wp-content/et-cache/373040/et-divi-dynamic-tb-369223-tb-367127-tb-368283-373040-late.css]
[designflash.in/wp-content/et-cache/373040/et-divi-dynamic-tb-369223-tb-367127-tb-368283-373040.css]
[designflash.in/wp-json/wp/v2/posts/373040.json]
[designflash.in/wp-content/uploads/2025/10/people-analyzing-growth-charts-together_23-2148850303.avif]
[designflash.in/the-power-of-storytelling-in-digital-marketing/index.html]
[designflash.in/wp-content/uploads/2025/10/flat-design-ui-ux-background-illustrated_23-2149054880.avif]
[designflash.in/wp-json/oembed/1.0/embed4d52.json]
[designflash.in/wp-json/oembed/1.0/embeda43d]
[designflash.in/content-marketing-vs-traditional-advertising-whats-more-effective/feed/index.html]
[designflash.in/wp-content/et-cache/373026/et-divi-dynamic-tb-369223-tb-367127-tb-368283-373026-late.css]
[designflash.in/wp-content/et-cache/373026/et-divi-dynamic-tb-369223-tb-367127-tb-368283-373026.css]
[designflash.in/wp-json/wp/v2/posts/373026.json]
[designflash.in/wp-content/uploads/2025/10/people-office-analyzing-checking-finance-graphs_23-2150377131.avif]
[designflash.in/wp-content/uploads/2025/10/media-journalism-global-daily-news-content-concept-scaled.jpg]
[designflash.in/content-marketing-vs-traditional-advertising-whats-more-effective/index.html]
[designflash.in/wp-content/et-cache/taxonomy/category/57/et-divi-dynamic-tb-369223-tb-368283-late.css]
[designflash.in/advertising-company-in-bangalore/feed/index.html]
[designflash.in/wp-content/et-cache/taxonomy/category/57/et-divi-dynamic-tb-369223-tb-368283.css]
[designflash.in/wp-json/wp/v2/categories/57.json]
[designflash.in/wp-content/uploads/2024/05/advertising-companies-in-bangalore-1080x675.jpg]
[designflash.in/advertising-company-in-bangalore/index.html]
[designflash.in/how-to-create-a-winning-digital-marketing-strategy/index.html]
[designflash.in/top-digital-marketing-trends-to-follow-in-2025/index.html]
[designflash.in/website-designing-and-development-company/indexf83b.html]
[designflash.in/website-designing-and-development-company/page/3/transparent.html]
[designflash.in/google-ai-mode-a-complete-guide-to-the-future-of-search/index.html]
[designflash.in/wp-content/uploads/2025/05/Google-AI-mode-400x250.html]
[designflash.in/ai/index.html]
[designflash.in/website-designing-and-development-company/page/4/transparent.html]
[designflash.in/beyond-google-why-gen-z-prefers-social-media-for-search/index.html]
[designflash.in/wp-content/uploads/2025/05/14874682-95d4-4968-931e-1d9701dc259a-400x250.html]
[designflash.in/social-media/index.html]
[designflash.in/10-game-changing-ai-use-cases-in-business/index.html]
[designflash.in/wp-content/uploads/2025/05/c9b34f70-9351-4919-903d-ba42617e59ea-400x250.html]
[designflash.in/google-ai-overviews-explained-what-they-mean-for-the-future-of-search/index.html]
[designflash.in/wp-content/uploads/2025/05/2ede184e-770c-4a04-8d2e-91c608ccd431-400x250.html]
[designflash.in/what-is-crm/index.html]
[designflash.in/wp-content/uploads/2025/05/d69be70c-f555-4a3b-9a83-fb207f53e229-400x250.html]
[designflash.in/what-is-seo-the-ultimate-guide-for-serp/index.html]
[designflash.in/wp-content/uploads/2025/04/4c893fe2-1467-426a-b082-bbe06afb47a8-400x250.html]
[designflash.in/wix-vs-shopify-which-ecommerce-platform-is-best-for-online-stores-in-2025/index.html]
[designflash.in/wp-content/uploads/2025/04/2c42def2-268d-457a-981c-9ec4e6de4e6b-400x250.html]
[designflash.in/e-commerce/index.html]
[designflash.in/google-suspends-2-9-mn-ad-accounts-in-india/index.html]
[designflash.in/wp-content/uploads/2025/04/18954521_6076520-400x250.html]
[designflash.in/news/index.html]
[designflash.in/bangalores-top-digital-marketing-companies/index.html]
[designflash.in/wp-content/uploads/2024/05/unveiling-the-digital-marketing-mastery-400x250.html]
[designflash.in/website-designing-and-development-company/page/5/transparent.html]
[designflash.in/top-website-design-companies-in-bangalore-crafting-award-winning-digital-experiences/index.html]
[designflash.in/wp-content/uploads/2024/05/bangalores-premier-website-designing-companies-400x250.html]
[designflash.in/website-designing-company-in-bangalore/index.html]
[designflash.in/top-bangalore-seo-companies-mastering-the-climb-to-search-engine-visibility/index.html]
[designflash.in/wp-content/uploads/2024/05/bangalores-top-seo-companies-400x250.html]
[designflash.in/seo-company-in-bangalore/index.html]
[designflash.in/top-advertising-company-in-bangalore-unveiling-creativity-driving-brand-success/index.html]
[designflash.in/wp-content/uploads/2024/05/advertising-companies-in-bangalore-400x250.html]
[designflash.in/ui-ux-design-in-bangalore-a-thriving-hub-for-innovation/index.html]
[designflash.in/wp-content/uploads/2024/05/ui-ux-design-in-bangalore-400x250.html]
[designflash.in/ui-ux-design-in-banglore/index.html]
[designflash.in/social-media-marketing-agency-in-bangalore-decoding-the-buzz-boosting-your-brand/index.html]
[designflash.in/wp-content/uploads/2024/05/navigating-the-digital-buzz-inside-bangalore-400x250.html]
[designflash.in/wp-content/uploads/2024/05/building-tomorrows-digital-landscape-400x250.html]
[designflash.in/wp-json/oembed/1.0/embeddbac.json]
[designflash.in/wp-json/oembed/1.0/embedba99]
[designflash.in/digital-marketing-agency-in-bangalore-conquering-the-digital-jungle/feed/index.html]
[designflash.in/wp-content/et-cache/366831/et-divi-dynamic-tb-369223-tb-367127-tb-368283-366831-late.css]
[designflash.in/wp-content/et-cache/366831/et-divi-dynamic-tb-369223-tb-367127-tb-368283-366831.css]
[designflash.in/wp-json/wp/v2/posts/366831.json]
[designflash.in/wp-content/uploads/2024/05/navigating-the-digital-frontier.jpg]
[designflash.in/digital-marketing-agency-in-bangalore-conquering-the-digital-jungle/index.html]
[designflash.in/wp-content/uploads/2024/05/navigating-the-digital-frontier-400x250.html]
[designflash.in/website-designing-and-development-company/giItT1WQy@!-/index.html]
[designflash.in/website-designing-and-development-company/images/index.html]
[designflash.in/website-designing-and-development-company/GET.html]
[designflash.in/wp-content/et-cache/373129/et-divi-dynamic-tb-369223-tb-367127-tb-368283-373129-late.css]
[designflash.in/wp-content/et-cache/373129/et-divi-dynamic-tb-369223-tb-367127-tb-368283-373129.css]
[designflash.in/wp-content/et-cache/373101/et-divi-dynamic-tb-369223-tb-367127-tb-368283-373101-late.css]
[designflash.in/wp-content/et-cache/373101/et-divi-dynamic-tb-369223-tb-367127-tb-368283-373101.css]
[designflash.in/wp-content/et-cache/373090/et-divi-dynamic-tb-369223-tb-367127-tb-368283-373090-late.css]
[designflash.in/wp-content/et-cache/373090/et-divi-dynamic-tb-369223-tb-367127-tb-368283-373090.css]
[designflash.in/wp-content/uploads/2025/10/media-journalism-global-daily-news-content-concept_53876-123733.avif]
[designflash.in/wp-content/et-cache/taxonomy/category/60/et-divi-dynamic-tb-369223-tb-368283-late.css]
[designflash.in/wp-content/et-cache/taxonomy/category/60/et-divi-dynamic-tb-369223-tb-368283.css]
[designflash.in/wordpress-website-development-company-in-bangalore/indexf83b.html]
[designflash.in/social-media-marketing-agency-in-bangalore/feed/index.html]
[designflash.in/woocommerce-website-development-company-in-bangalore/indexf83b.html]
[designflash.in/website-maintenance-service-in-bangalore/indexf83b.html]
[designflash.in/shopify-website-design-company-in-bangalore/indexf83b.html]
[designflash.in/website-development-company-in-bangalore/indexf83b.html]
[designflash.in/wp-content/et-cache/373997/et-divi-dynamic-tb-369223-tb-368283-373997-late.css]
[designflash.in/wp-content/et-cache/373997/et-divi-dynamic-tb-369223-tb-368283-373997.css]
[designflash.in/logo-design-services-in-bangalore/transparent.html]
[designflash.in/author/design-f/indexf83b.html]
[designflash.in/author/design-f/page/7/indexf83b.html]
[designflash.in/wp-content/et-cache/366849/et-divi-dynamic-tb-369223-tb-367127-tb-368283-366849-late.css]
[designflash.in/wp-content/et-cache/366849/et-divi-dynamic-tb-369223-tb-367127-tb-368283-366849.css]
[designflash.in/wp-content/et-cache/373052/et-divi-dynamic-tb-369223-tb-367127-tb-368283-373052-late.css]
[designflash.in/wp-content/et-cache/373052/et-divi-dynamic-tb-369223-tb-367127-tb-368283-373052.css]
[designflash.in/wp-content/et-cache/373040/et-divi-dynamic-tb-369223-tb-367127-tb-368283-373040-late.css]
[designflash.in/wp-content/et-cache/373040/et-divi-dynamic-tb-369223-tb-367127-tb-368283-373040.css]
[designflash.in/wp-content/et-cache/373026/et-divi-dynamic-tb-369223-tb-367127-tb-368283-373026-late.css]
[designflash.in/wp-content/et-cache/373026/et-divi-dynamic-tb-369223-tb-367127-tb-368283-373026.css]
[designflash.in/wp-content/uploads/2024/10/uiux-design3.jpg]
[designflash.in/wp-content/et-cache/taxonomy/category/57/et-divi-dynamic-tb-369223-tb-368283-late.css]
[designflash.in/wp-content/et-cache/taxonomy/category/57/et-divi-dynamic-tb-369223-tb-368283.css]
[designflash.in/wp-content/et-cache/366831/et-divi-dynamic-tb-369223-tb-367127-tb-368283-366831-late.css]
[designflash.in/wp-content/et-cache/366831/et-divi-dynamic-tb-369223-tb-367127-tb-368283-366831.css]
[designflash.in/digital-marketing-agency-in-banglore-conquering-the-digital-jungle/index.html]
[designflash.in/wp-content/uploads/2025/10/analytics-plan-strategy-insight-concept_53876-124214.avif]
[designflash.in/author/design-f/page/6/indexf83b.html]
[designflash.in/author/design-f/page/6/indexf83b.html]
[designflash.in/wp-content/uploads/2025/10/media-journalism-global-daily-news-content-concept-scaled.jpg]
